# name: test_promote_administrators[uvloop]
  <class 'dict'> {
    'available_roles': <class 'list'> [
      <class 'dict'> {
        'description': 'Manage who is an administrator and what they can do.',
        'id': <AdministratorRole.FULL: 'full'>,
        'name': 'Full',
      },
      <class 'dict'> {
        'description': 'Manage instance settings and administrative messages.',
        'id': <AdministratorRole.SETTINGS: 'settings'>,
        'name': 'Settings',
      },
      <class 'dict'> {
        'description': 'Manage users in any space. Delete any space.',
        'id': <AdministratorRole.SPACES: 'spaces'>,
        'name': 'Spaces',
      },
      <class 'dict'> {
        'description': 'Create user accounts. Control activation of user accounts.',
        'id': <AdministratorRole.USERS: 'users'>,
        'name': 'Users',
      },
      <class 'dict'> {
        'description': '
          Provides ability to:
          - Create new spaces even if the `Free Spaces` setting is not enabled.
          - Manage HMMs and common references.
          - View all running jobs.
          - Cancel any job.
        ',
        'id': <AdministratorRole.BASE: 'base'>,
        'name': 'Base',
      },
    ],
    'items': <class 'list'> [
      <class 'dict'> {
        'administrator': True,
        'handle': 'zclark',
        'id': 'fb085f7f',
        'role': <AdministratorRole.FULL: 'full'>,
      },
    ],
  }
---
